mode: set
github.com/ReilEgor/SiteSentinel/monitor-service/internal/adapter/broker/rabbitmq/rabbit_consumer.go:23.102,25.2 1 0
github.com/ReilEgor/SiteSentinel/monitor-service/internal/adapter/broker/rabbitmq/rabbit_consumer.go:27.47,36.16 2 0
github.com/ReilEgor/SiteSentinel/monitor-service/internal/adapter/broker/rabbitmq/rabbit_consumer.go:36.16,38.3 1 0
github.com/ReilEgor/SiteSentinel/monitor-service/internal/adapter/broker/rabbitmq/rabbit_consumer.go:40.2,41.16 2 0
github.com/ReilEgor/SiteSentinel/monitor-service/internal/adapter/broker/rabbitmq/rabbit_consumer.go:41.16,47.3 2 0
github.com/ReilEgor/SiteSentinel/monitor-service/internal/adapter/broker/rabbitmq/rabbit_consumer.go:49.2,49.6 1 0
github.com/ReilEgor/SiteSentinel/monitor-service/internal/adapter/broker/rabbitmq/rabbit_consumer.go:49.6,50.10 1 0
github.com/ReilEgor/SiteSentinel/monitor-service/internal/adapter/broker/rabbitmq/rabbit_consumer.go:51.21,52.10 1 0
github.com/ReilEgor/SiteSentinel/monitor-service/internal/adapter/broker/rabbitmq/rabbit_consumer.go:53.24,54.11 1 0
github.com/ReilEgor/SiteSentinel/monitor-service/internal/adapter/broker/rabbitmq/rabbit_consumer.go:54.11,56.5 1 0
github.com/ReilEgor/SiteSentinel/monitor-service/internal/adapter/broker/rabbitmq/rabbit_consumer.go:57.4,57.27 1 0
github.com/ReilEgor/SiteSentinel/monitor-service/internal/adapter/broker/rabbitmq/rabbit_consumer.go:62.72,66.58 3 0
github.com/ReilEgor/SiteSentinel/monitor-service/internal/adapter/broker/rabbitmq/rabbit_consumer.go:66.58,69.3 2 0
github.com/ReilEgor/SiteSentinel/monitor-service/internal/adapter/broker/rabbitmq/rabbit_consumer.go:70.2,70.14 1 0
github.com/ReilEgor/SiteSentinel/monitor-service/internal/adapter/broker/rabbitmq/rabbit_publisher.go:20.74,22.2 1 0
github.com/ReilEgor/SiteSentinel/monitor-service/internal/adapter/broker/rabbitmq/rabbit_publisher.go:24.86,34.16 3 0
github.com/ReilEgor/SiteSentinel/monitor-service/internal/adapter/broker/rabbitmq/rabbit_publisher.go:34.16,39.3 2 0
github.com/ReilEgor/SiteSentinel/monitor-service/internal/adapter/broker/rabbitmq/rabbit_publisher.go:41.2,50.5 1 0
github.com/ReilEgor/SiteSentinel/monitor-service/internal/adapter/broker/rabbitmq/rabbitmq.go:12.71,15.16 3 0
github.com/ReilEgor/SiteSentinel/monitor-service/internal/adapter/broker/rabbitmq/rabbitmq.go:15.16,20.22 2 0
github.com/ReilEgor/SiteSentinel/monitor-service/internal/adapter/broker/rabbitmq/rabbitmq.go:20.23,20.24 0 0
github.com/ReilEgor/SiteSentinel/monitor-service/internal/adapter/broker/rabbitmq/rabbitmq.go:23.2,27.20 2 0
github.com/ReilEgor/SiteSentinel/monitor-service/internal/adapter/broker/rabbitmq/rabbitmq.go:27.20,30.38 2 0
github.com/ReilEgor/SiteSentinel/monitor-service/internal/adapter/broker/rabbitmq/rabbitmq.go:30.38,34.4 1 0
github.com/ReilEgor/SiteSentinel/monitor-service/internal/adapter/broker/rabbitmq/rabbitmq.go:37.2,37.27 1 0
github.com/ReilEgor/SiteSentinel/monitor-service/internal/adapter/broker/rabbitmq/rabbitmq.go:39.79,42.16 3 0
github.com/ReilEgor/SiteSentinel/monitor-service/internal/adapter/broker/rabbitmq/rabbitmq.go:42.16,44.22 2 0
github.com/ReilEgor/SiteSentinel/monitor-service/internal/adapter/broker/rabbitmq/rabbitmq.go:44.23,44.24 0 0
github.com/ReilEgor/SiteSentinel/monitor-service/internal/adapter/broker/rabbitmq/rabbitmq.go:47.2,49.20 2 0
github.com/ReilEgor/SiteSentinel/monitor-service/internal/adapter/broker/rabbitmq/rabbitmq.go:49.20,51.36 2 0
github.com/ReilEgor/SiteSentinel/monitor-service/internal/adapter/broker/rabbitmq/rabbitmq.go:51.36,53.4 1 0
github.com/ReilEgor/SiteSentinel/monitor-service/internal/adapter/broker/rabbitmq/rabbitmq.go:55.2,55.25 1 0
github.com/ReilEgor/SiteSentinel/monitor-service/internal/adapter/broker/rabbitmq/rabbitmq.go:57.42,58.18 1 0
github.com/ReilEgor/SiteSentinel/monitor-service/internal/adapter/broker/rabbitmq/rabbitmq.go:58.18,60.3 1 0
github.com/ReilEgor/SiteSentinel/monitor-service/internal/adapter/broker/rabbitmq/rabbitmq.go:62.2,63.16 2 0
github.com/ReilEgor/SiteSentinel/monitor-service/internal/adapter/broker/rabbitmq/rabbitmq.go:63.16,65.3 1 0
github.com/ReilEgor/SiteSentinel/monitor-service/internal/adapter/broker/rabbitmq/rabbitmq.go:67.2,67.21 1 0
github.com/ReilEgor/SiteSentinel/monitor-service/cmd/app/main.go:15.13,29.16 9 0
github.com/ReilEgor/SiteSentinel/monitor-service/cmd/app/main.go:29.16,32.3 2 0
github.com/ReilEgor/SiteSentinel/monitor-service/cmd/app/main.go:34.2,41.12 5 0
github.com/ReilEgor/SiteSentinel/monitor-service/cmd/app/main.go:41.12,44.3 2 0
github.com/ReilEgor/SiteSentinel/monitor-service/cmd/app/main.go:46.2,46.12 1 0
github.com/ReilEgor/SiteSentinel/monitor-service/cmd/app/main.go:46.12,49.3 2 0
github.com/ReilEgor/SiteSentinel/monitor-service/cmd/app/main.go:51.2,51.12 1 0
github.com/ReilEgor/SiteSentinel/monitor-service/cmd/app/main.go:51.12,53.17 2 0
github.com/ReilEgor/SiteSentinel/monitor-service/cmd/app/main.go:53.17,55.4 1 0
github.com/ReilEgor/SiteSentinel/monitor-service/cmd/app/main.go:57.3,58.52 2 0
github.com/ReilEgor/SiteSentinel/monitor-service/cmd/app/main.go:58.52,60.4 1 0
github.com/ReilEgor/SiteSentinel/monitor-service/cmd/app/main.go:63.2,64.41 2 0
github.com/ReilEgor/SiteSentinel/monitor-service/cmd/app/wire_gen.go:22.164,24.16 2 0
github.com/ReilEgor/SiteSentinel/monitor-service/cmd/app/wire_gen.go:24.16,26.3 1 0
github.com/ReilEgor/SiteSentinel/monitor-service/cmd/app/wire_gen.go:27.2,29.16 3 0
github.com/ReilEgor/SiteSentinel/monitor-service/cmd/app/wire_gen.go:29.16,32.3 2 0
github.com/ReilEgor/SiteSentinel/monitor-service/cmd/app/wire_gen.go:33.2,34.16 2 0
github.com/ReilEgor/SiteSentinel/monitor-service/cmd/app/wire_gen.go:34.16,38.3 3 0
github.com/ReilEgor/SiteSentinel/monitor-service/cmd/app/wire_gen.go:39.2,50.21 7 0
github.com/ReilEgor/SiteSentinel/monitor-service/cmd/app/wire_gen.go:50.21,54.3 3 0
github.com/ReilEgor/SiteSentinel/monitor-service/internal/adapter/repository/postgres/monitor-repo.go:18.58,20.2 1 0
github.com/ReilEgor/SiteSentinel/monitor-service/internal/adapter/repository/postgres/monitor-repo.go:22.99,36.16 4 0
github.com/ReilEgor/SiteSentinel/monitor-service/internal/adapter/repository/postgres/monitor-repo.go:36.16,42.3 2 0
github.com/ReilEgor/SiteSentinel/monitor-service/internal/adapter/repository/postgres/monitor-repo.go:44.2,48.12 2 0
github.com/ReilEgor/SiteSentinel/monitor-service/internal/adapter/repository/postgres/monitor-repo.go:50.102,54.16 3 0
github.com/ReilEgor/SiteSentinel/monitor-service/internal/adapter/repository/postgres/monitor-repo.go:54.16,59.3 2 0
github.com/ReilEgor/SiteSentinel/monitor-service/internal/adapter/repository/postgres/monitor-repo.go:61.2,65.12 2 0
github.com/ReilEgor/SiteSentinel/monitor-service/internal/adapter/repository/postgres/monitor-repo.go:67.95,75.16 3 0
github.com/ReilEgor/SiteSentinel/monitor-service/internal/adapter/repository/postgres/monitor-repo.go:75.16,77.3 1 0
github.com/ReilEgor/SiteSentinel/monitor-service/internal/adapter/repository/postgres/monitor-repo.go:78.2,81.18 3 0
github.com/ReilEgor/SiteSentinel/monitor-service/internal/adapter/repository/postgres/monitor-repo.go:81.18,83.63 2 0
github.com/ReilEgor/SiteSentinel/monitor-service/internal/adapter/repository/postgres/monitor-repo.go:83.63,85.12 2 0
github.com/ReilEgor/SiteSentinel/monitor-service/internal/adapter/repository/postgres/monitor-repo.go:87.3,87.27 1 0
github.com/ReilEgor/SiteSentinel/monitor-service/internal/adapter/repository/postgres/monitor-repo.go:90.2,90.35 1 0
github.com/ReilEgor/SiteSentinel/monitor-service/internal/adapter/repository/postgres/monitor-repo.go:90.35,92.3 1 0
github.com/ReilEgor/SiteSentinel/monitor-service/internal/adapter/repository/postgres/monitor-repo.go:94.2,94.19 1 0
github.com/ReilEgor/SiteSentinel/monitor-service/internal/adapter/repository/postgres/monitor-repo.go:97.127,99.16 2 0
github.com/ReilEgor/SiteSentinel/monitor-service/internal/adapter/repository/postgres/monitor-repo.go:99.16,101.3 1 0
github.com/ReilEgor/SiteSentinel/monitor-service/internal/adapter/repository/postgres/monitor-repo.go:102.2,114.16 5 0
github.com/ReilEgor/SiteSentinel/monitor-service/internal/adapter/repository/postgres/monitor-repo.go:114.16,116.3 1 0
github.com/ReilEgor/SiteSentinel/monitor-service/internal/adapter/repository/postgres/monitor-repo.go:118.2,123.78 2 0
github.com/ReilEgor/SiteSentinel/monitor-service/internal/adapter/repository/postgres/monitor-repo.go:123.78,125.3 1 0
github.com/ReilEgor/SiteSentinel/monitor-service/internal/adapter/repository/postgres/monitor-repo.go:127.2,127.30 1 0
github.com/ReilEgor/SiteSentinel/monitor-service/internal/adapter/repository/postgres/monitor-repo.go:130.108,138.16 3 0
github.com/ReilEgor/SiteSentinel/monitor-service/internal/adapter/repository/postgres/monitor-repo.go:138.16,140.3 1 0
github.com/ReilEgor/SiteSentinel/monitor-service/internal/adapter/repository/postgres/monitor-repo.go:141.2,144.18 3 0
github.com/ReilEgor/SiteSentinel/monitor-service/internal/adapter/repository/postgres/monitor-repo.go:144.18,146.100 2 0
github.com/ReilEgor/SiteSentinel/monitor-service/internal/adapter/repository/postgres/monitor-repo.go:146.100,148.4 1 0
github.com/ReilEgor/SiteSentinel/monitor-service/internal/adapter/repository/postgres/monitor-repo.go:149.3,150.27 2 0
github.com/ReilEgor/SiteSentinel/monitor-service/internal/adapter/repository/postgres/monitor-repo.go:152.2,152.26 1 0
github.com/ReilEgor/SiteSentinel/monitor-service/internal/adapter/repository/postgres/postgres.go:18.57,25.16 4 0
github.com/ReilEgor/SiteSentinel/monitor-service/internal/adapter/repository/postgres/postgres.go:25.16,27.3 1 0
github.com/ReilEgor/SiteSentinel/monitor-service/internal/adapter/repository/postgres/postgres.go:29.2,34.34 5 0
github.com/ReilEgor/SiteSentinel/monitor-service/internal/adapter/repository/postgres/postgres.go:34.34,39.3 2 0
github.com/ReilEgor/SiteSentinel/monitor-service/internal/adapter/repository/postgres/postgres.go:41.2,45.20 2 0
github.com/ReilEgor/SiteSentinel/monitor-service/internal/adapter/repository/postgres/postgres.go:45.20,47.36 2 0
github.com/ReilEgor/SiteSentinel/monitor-service/internal/adapter/repository/postgres/postgres.go:47.36,50.4 1 0
github.com/ReilEgor/SiteSentinel/monitor-service/internal/adapter/repository/postgres/postgres.go:53.2,53.25 1 0
github.com/ReilEgor/SiteSentinel/monitor-service/internal/adapter/repository/postgres/postgres.go:55.33,57.16 2 0
github.com/ReilEgor/SiteSentinel/monitor-service/internal/adapter/repository/postgres/postgres.go:57.16,59.3 1 0
github.com/ReilEgor/SiteSentinel/monitor-service/internal/adapter/repository/postgres/postgres.go:61.2,61.21 1 0
github.com/ReilEgor/SiteSentinel/monitor-service/internal/adapter/transport/rest/gin_server.go:18.61,28.2 4 0
github.com/ReilEgor/SiteSentinel/monitor-service/internal/adapter/transport/rest/gin_server.go:30.44,32.2 1 0
github.com/ReilEgor/SiteSentinel/monitor-service/internal/adapter/transport/rest/gin_server.go:34.33,37.2 3 0
github.com/ReilEgor/SiteSentinel/monitor-service/internal/adapter/transport/rest/gin_server.go:37.2,40.3 2 0
github.com/ReilEgor/SiteSentinel/monitor-service/internal/adapter/transport/rest/gin_server.go:43.45,45.2 1 0
github.com/ReilEgor/SiteSentinel/monitor-service/internal/mocks/domain/monitor_repository.go:21.125,24.19 2 0
github.com/ReilEgor/SiteSentinel/monitor-service/internal/mocks/domain/monitor_repository.go:24.19,25.49 1 0
github.com/ReilEgor/SiteSentinel/monitor-service/internal/mocks/domain/monitor_repository.go:28.2,30.100 3 0
github.com/ReilEgor/SiteSentinel/monitor-service/internal/mocks/domain/monitor_repository.go:30.100,32.3 1 0
github.com/ReilEgor/SiteSentinel/monitor-service/internal/mocks/domain/monitor_repository.go:33.2,33.91 1 0
github.com/ReilEgor/SiteSentinel/monitor-service/internal/mocks/domain/monitor_repository.go:33.91,35.3 1 0
github.com/ReilEgor/SiteSentinel/monitor-service/internal/mocks/domain/monitor_repository.go:35.8,36.24 1 0
github.com/ReilEgor/SiteSentinel/monitor-service/internal/mocks/domain/monitor_repository.go:36.24,38.4 1 0
github.com/ReilEgor/SiteSentinel/monitor-service/internal/mocks/domain/monitor_repository.go:41.2,41.84 1 0
github.com/ReilEgor/SiteSentinel/monitor-service/internal/mocks/domain/monitor_repository.go:41.84,43.3 1 0
github.com/ReilEgor/SiteSentinel/monitor-service/internal/mocks/domain/monitor_repository.go:43.8,45.3 1 0
github.com/ReilEgor/SiteSentinel/monitor-service/internal/mocks/domain/monitor_repository.go:47.2,47.15 1 0
github.com/ReilEgor/SiteSentinel/monitor-service/internal/mocks/domain/monitor_repository.go:51.93,54.19 2 0
github.com/ReilEgor/SiteSentinel/monitor-service/internal/mocks/domain/monitor_repository.go:54.19,55.60 1 0
github.com/ReilEgor/SiteSentinel/monitor-service/internal/mocks/domain/monitor_repository.go:58.2,60.77 3 0
github.com/ReilEgor/SiteSentinel/monitor-service/internal/mocks/domain/monitor_repository.go:60.77,62.3 1 0
github.com/ReilEgor/SiteSentinel/monitor-service/internal/mocks/domain/monitor_repository.go:63.2,63.68 1 0
github.com/ReilEgor/SiteSentinel/monitor-service/internal/mocks/domain/monitor_repository.go:63.68,65.3 1 0
github.com/ReilEgor/SiteSentinel/monitor-service/internal/mocks/domain/monitor_repository.go:65.8,66.24 1 0
github.com/ReilEgor/SiteSentinel/monitor-service/internal/mocks/domain/monitor_repository.go:66.24,68.4 1 0
github.com/ReilEgor/SiteSentinel/monitor-service/internal/mocks/domain/monitor_repository.go:71.2,71.60 1 0
github.com/ReilEgor/SiteSentinel/monitor-service/internal/mocks/domain/monitor_repository.go:71.60,73.3 1 0
github.com/ReilEgor/SiteSentinel/monitor-service/internal/mocks/domain/monitor_repository.go:73.8,75.3 1 0
github.com/ReilEgor/SiteSentinel/monitor-service/internal/mocks/domain/monitor_repository.go:77.2,77.15 1 0
github.com/ReilEgor/SiteSentinel/monitor-service/internal/mocks/domain/monitor_repository.go:81.106,84.19 2 0
github.com/ReilEgor/SiteSentinel/monitor-service/internal/mocks/domain/monitor_repository.go:84.19,85.54 1 0
github.com/ReilEgor/SiteSentinel/monitor-service/internal/mocks/domain/monitor_repository.go:88.2,90.89 3 0
github.com/ReilEgor/SiteSentinel/monitor-service/internal/mocks/domain/monitor_repository.go:90.89,92.3 1 0
github.com/ReilEgor/SiteSentinel/monitor-service/internal/mocks/domain/monitor_repository.go:93.2,93.80 1 0
github.com/ReilEgor/SiteSentinel/monitor-service/internal/mocks/domain/monitor_repository.go:93.80,95.3 1 0
github.com/ReilEgor/SiteSentinel/monitor-service/internal/mocks/domain/monitor_repository.go:95.8,96.24 1 0
github.com/ReilEgor/SiteSentinel/monitor-service/internal/mocks/domain/monitor_repository.go:96.24,98.4 1 0
github.com/ReilEgor/SiteSentinel/monitor-service/internal/mocks/domain/monitor_repository.go:101.2,101.71 1 0
github.com/ReilEgor/SiteSentinel/monitor-service/internal/mocks/domain/monitor_repository.go:101.71,103.3 1 0
github.com/ReilEgor/SiteSentinel/monitor-service/internal/mocks/domain/monitor_repository.go:103.8,105.3 1 0
github.com/ReilEgor/SiteSentinel/monitor-service/internal/mocks/domain/monitor_repository.go:107.2,107.15 1 0
github.com/ReilEgor/SiteSentinel/monitor-service/internal/mocks/domain/monitor_repository.go:111.97,114.19 2 0
github.com/ReilEgor/SiteSentinel/monitor-service/internal/mocks/domain/monitor_repository.go:114.19,115.57 1 0
github.com/ReilEgor/SiteSentinel/monitor-service/internal/mocks/domain/monitor_repository.go:118.2,119.80 2 0
github.com/ReilEgor/SiteSentinel/monitor-service/internal/mocks/domain/monitor_repository.go:119.80,121.3 1 0
github.com/ReilEgor/SiteSentinel/monitor-service/internal/mocks/domain/monitor_repository.go:121.8,123.3 1 0
github.com/ReilEgor/SiteSentinel/monitor-service/internal/mocks/domain/monitor_repository.go:125.2,125.11 1 0
github.com/ReilEgor/SiteSentinel/monitor-service/internal/mocks/domain/monitor_repository.go:129.103,132.19 2 0
github.com/ReilEgor/SiteSentinel/monitor-service/internal/mocks/domain/monitor_repository.go:132.19,133.58 1 0
github.com/ReilEgor/SiteSentinel/monitor-service/internal/mocks/domain/monitor_repository.go:136.2,137.77 2 0
github.com/ReilEgor/SiteSentinel/monitor-service/internal/mocks/domain/monitor_repository.go:137.77,139.3 1 0
github.com/ReilEgor/SiteSentinel/monitor-service/internal/mocks/domain/monitor_repository.go:139.8,141.3 1 0
github.com/ReilEgor/SiteSentinel/monitor-service/internal/mocks/domain/monitor_repository.go:143.2,143.11 1 0
github.com/ReilEgor/SiteSentinel/monitor-service/internal/mocks/domain/monitor_repository.go:151.23,155.19 3 0
github.com/ReilEgor/SiteSentinel/monitor-service/internal/mocks/domain/monitor_repository.go:155.19,155.49 1 0
github.com/ReilEgor/SiteSentinel/monitor-service/internal/mocks/domain/monitor_repository.go:157.2,157.13 1 0
github.com/ReilEgor/SiteSentinel/monitor-service/internal/mocks/domain/site_usecase.go:21.119,24.19 2 0
github.com/ReilEgor/SiteSentinel/monitor-service/internal/mocks/domain/site_usecase.go:24.19,25.49 1 0
github.com/ReilEgor/SiteSentinel/monitor-service/internal/mocks/domain/site_usecase.go:28.2,30.100 3 0
github.com/ReilEgor/SiteSentinel/monitor-service/internal/mocks/domain/site_usecase.go:30.100,32.3 1 0
github.com/ReilEgor/SiteSentinel/monitor-service/internal/mocks/domain/site_usecase.go:33.2,33.91 1 0
github.com/ReilEgor/SiteSentinel/monitor-service/internal/mocks/domain/site_usecase.go:33.91,35.3 1 0
github.com/ReilEgor/SiteSentinel/monitor-service/internal/mocks/domain/site_usecase.go:35.8,36.24 1 0
github.com/ReilEgor/SiteSentinel/monitor-service/internal/mocks/domain/site_usecase.go:36.24,38.4 1 0
github.com/ReilEgor/SiteSentinel/monitor-service/internal/mocks/domain/site_usecase.go:41.2,41.84 1 0
github.com/ReilEgor/SiteSentinel/monitor-service/internal/mocks/domain/site_usecase.go:41.84,43.3 1 0
github.com/ReilEgor/SiteSentinel/monitor-service/internal/mocks/domain/site_usecase.go:43.8,45.3 1 0
github.com/ReilEgor/SiteSentinel/monitor-service/internal/mocks/domain/site_usecase.go:47.2,47.15 1 0
github.com/ReilEgor/SiteSentinel/monitor-service/internal/mocks/domain/site_usecase.go:51.100,54.19 2 0
github.com/ReilEgor/SiteSentinel/monitor-service/internal/mocks/domain/site_usecase.go:54.19,55.54 1 0
github.com/ReilEgor/SiteSentinel/monitor-service/internal/mocks/domain/site_usecase.go:58.2,60.89 3 0
github.com/ReilEgor/SiteSentinel/monitor-service/internal/mocks/domain/site_usecase.go:60.89,62.3 1 0
github.com/ReilEgor/SiteSentinel/monitor-service/internal/mocks/domain/site_usecase.go:63.2,63.80 1 0
github.com/ReilEgor/SiteSentinel/monitor-service/internal/mocks/domain/site_usecase.go:63.80,65.3 1 0
github.com/ReilEgor/SiteSentinel/monitor-service/internal/mocks/domain/site_usecase.go:65.8,66.24 1 0
github.com/ReilEgor/SiteSentinel/monitor-service/internal/mocks/domain/site_usecase.go:66.24,68.4 1 0
github.com/ReilEgor/SiteSentinel/monitor-service/internal/mocks/domain/site_usecase.go:71.2,71.71 1 0
github.com/ReilEgor/SiteSentinel/monitor-service/internal/mocks/domain/site_usecase.go:71.71,73.3 1 0
github.com/ReilEgor/SiteSentinel/monitor-service/internal/mocks/domain/site_usecase.go:73.8,75.3 1 0
github.com/ReilEgor/SiteSentinel/monitor-service/internal/mocks/domain/site_usecase.go:77.2,77.15 1 0
github.com/ReilEgor/SiteSentinel/monitor-service/internal/mocks/domain/site_usecase.go:81.97,84.19 2 0
github.com/ReilEgor/SiteSentinel/monitor-service/internal/mocks/domain/site_usecase.go:84.19,85.60 1 0
github.com/ReilEgor/SiteSentinel/monitor-service/internal/mocks/domain/site_usecase.go:88.2,89.80 2 0
github.com/ReilEgor/SiteSentinel/monitor-service/internal/mocks/domain/site_usecase.go:89.80,91.3 1 0
github.com/ReilEgor/SiteSentinel/monitor-service/internal/mocks/domain/site_usecase.go:91.8,93.3 1 0
github.com/ReilEgor/SiteSentinel/monitor-service/internal/mocks/domain/site_usecase.go:95.2,95.11 1 0
github.com/ReilEgor/SiteSentinel/monitor-service/internal/mocks/domain/site_usecase.go:103.17,107.19 3 0
github.com/ReilEgor/SiteSentinel/monitor-service/internal/mocks/domain/site_usecase.go:107.19,107.49 1 0
github.com/ReilEgor/SiteSentinel/monitor-service/internal/mocks/domain/site_usecase.go:109.2,109.13 1 0
github.com/ReilEgor/SiteSentinel/monitor-service/internal/mocks/domain/task_publisher.go:19.88,22.19 2 0
github.com/ReilEgor/SiteSentinel/monitor-service/internal/mocks/domain/task_publisher.go:22.19,23.58 1 0
github.com/ReilEgor/SiteSentinel/monitor-service/internal/mocks/domain/task_publisher.go:26.2,27.73 2 0
github.com/ReilEgor/SiteSentinel/monitor-service/internal/mocks/domain/task_publisher.go:27.73,29.3 1 0
github.com/ReilEgor/SiteSentinel/monitor-service/internal/mocks/domain/task_publisher.go:29.8,31.3 1 0
github.com/ReilEgor/SiteSentinel/monitor-service/internal/mocks/domain/task_publisher.go:33.2,33.11 1 0
github.com/ReilEgor/SiteSentinel/monitor-service/internal/mocks/domain/task_publisher.go:41.19,45.19 3 0
github.com/ReilEgor/SiteSentinel/monitor-service/internal/mocks/domain/task_publisher.go:45.19,45.49 1 0
github.com/ReilEgor/SiteSentinel/monitor-service/internal/mocks/domain/task_publisher.go:47.2,47.13 1 0
github.com/ReilEgor/SiteSentinel/monitor-service/internal/adapter/transport/rest/handler/handler.go:17.49,22.2 1 1
github.com/ReilEgor/SiteSentinel/monitor-service/internal/adapter/transport/rest/handler/handler.go:24.43,31.47 2 1
github.com/ReilEgor/SiteSentinel/monitor-service/internal/adapter/transport/rest/handler/handler.go:31.47,35.3 3 1
github.com/ReilEgor/SiteSentinel/monitor-service/internal/adapter/transport/rest/handler/handler.go:37.2,40.16 3 1
github.com/ReilEgor/SiteSentinel/monitor-service/internal/adapter/transport/rest/handler/handler.go:40.16,44.3 3 1
github.com/ReilEgor/SiteSentinel/monitor-service/internal/adapter/transport/rest/handler/handler.go:46.2,46.34 1 1
github.com/ReilEgor/SiteSentinel/monitor-service/internal/adapter/transport/rest/handler/handler.go:49.48,53.16 4 1
github.com/ReilEgor/SiteSentinel/monitor-service/internal/adapter/transport/rest/handler/handler.go:53.16,57.3 3 1
github.com/ReilEgor/SiteSentinel/monitor-service/internal/adapter/transport/rest/handler/handler.go:59.2,61.16 3 1
github.com/ReilEgor/SiteSentinel/monitor-service/internal/adapter/transport/rest/handler/handler.go:61.16,65.3 3 1
github.com/ReilEgor/SiteSentinel/monitor-service/internal/adapter/transport/rest/handler/handler.go:67.2,67.18 1 1
github.com/ReilEgor/SiteSentinel/monitor-service/internal/adapter/transport/rest/handler/handler.go:67.18,69.3 1 0
github.com/ReilEgor/SiteSentinel/monitor-service/internal/adapter/transport/rest/handler/handler.go:71.2,71.46 1 1
github.com/ReilEgor/SiteSentinel/monitor-service/internal/domain/models.go:13.38,17.2 3 1
github.com/ReilEgor/SiteSentinel/monitor-service/internal/usecase/site_uc.go:21.103,27.2 1 1
github.com/ReilEgor/SiteSentinel/monitor-service/internal/usecase/site_uc.go:28.127,34.66 3 1
github.com/ReilEgor/SiteSentinel/monitor-service/internal/usecase/site_uc.go:34.66,36.3 1 1
github.com/ReilEgor/SiteSentinel/monitor-service/internal/usecase/site_uc.go:37.2,37.40 1 1
github.com/ReilEgor/SiteSentinel/monitor-service/internal/usecase/site_uc.go:37.40,39.3 1 1
github.com/ReilEgor/SiteSentinel/monitor-service/internal/usecase/site_uc.go:41.2,42.16 2 1
github.com/ReilEgor/SiteSentinel/monitor-service/internal/usecase/site_uc.go:42.16,50.3 2 1
github.com/ReilEgor/SiteSentinel/monitor-service/internal/usecase/site_uc.go:52.2,59.18 2 1
github.com/ReilEgor/SiteSentinel/monitor-service/internal/usecase/site_uc.go:62.108,64.24 2 1
github.com/ReilEgor/SiteSentinel/monitor-service/internal/usecase/site_uc.go:64.24,67.3 2 1
github.com/ReilEgor/SiteSentinel/monitor-service/internal/usecase/site_uc.go:68.2,69.16 2 1
github.com/ReilEgor/SiteSentinel/monitor-service/internal/usecase/site_uc.go:69.16,75.3 2 1
github.com/ReilEgor/SiteSentinel/monitor-service/internal/usecase/site_uc.go:77.2,82.19 2 1
github.com/ReilEgor/SiteSentinel/monitor-service/internal/usecase/site_uc.go:85.105,88.60 2 1
github.com/ReilEgor/SiteSentinel/monitor-service/internal/usecase/site_uc.go:88.60,91.3 2 1
github.com/ReilEgor/SiteSentinel/monitor-service/internal/usecase/site_uc.go:93.2,93.81 1 1
github.com/ReilEgor/SiteSentinel/monitor-service/internal/usecase/site_uc.go:93.81,96.3 2 1
github.com/ReilEgor/SiteSentinel/monitor-service/internal/usecase/site_uc.go:98.2,103.12 2 0
github.com/ReilEgor/SiteSentinel/monitor-service/internal/scheduler/scheduler.go:19.95,26.2 1 1
github.com/ReilEgor/SiteSentinel/monitor-service/internal/scheduler/scheduler.go:28.50,34.6 4 0
github.com/ReilEgor/SiteSentinel/monitor-service/internal/scheduler/scheduler.go:34.6,35.10 1 0
github.com/ReilEgor/SiteSentinel/monitor-service/internal/scheduler/scheduler.go:36.21,38.10 2 0
github.com/ReilEgor/SiteSentinel/monitor-service/internal/scheduler/scheduler.go:39.19,40.18 1 0
github.com/ReilEgor/SiteSentinel/monitor-service/internal/scheduler/scheduler.go:45.60,50.16 4 1
github.com/ReilEgor/SiteSentinel/monitor-service/internal/scheduler/scheduler.go:50.16,54.3 2 1
github.com/ReilEgor/SiteSentinel/monitor-service/internal/scheduler/scheduler.go:56.2,56.21 1 1
github.com/ReilEgor/SiteSentinel/monitor-service/internal/scheduler/scheduler.go:56.21,59.3 2 1
github.com/ReilEgor/SiteSentinel/monitor-service/internal/scheduler/scheduler.go:61.2,64.29 2 1
github.com/ReilEgor/SiteSentinel/monitor-service/internal/scheduler/scheduler.go:64.29,65.65 1 1
github.com/ReilEgor/SiteSentinel/monitor-service/internal/scheduler/scheduler.go:65.65,70.12 2 0
github.com/ReilEgor/SiteSentinel/monitor-service/internal/scheduler/scheduler.go:73.3,75.45 1 1
github.com/ReilEgor/SiteSentinel/monitor-service/internal/scheduler/scheduler.go:77.2,77.12 1 1
