mode: set
github.com/ReilEgor/SiteSentinel/checker-service/internal/adapter/broker/rabbitmq/rabbit_consumer.go:24.125,26.2 1 0
github.com/ReilEgor/SiteSentinel/checker-service/internal/adapter/broker/rabbitmq/rabbit_consumer.go:28.47,38.16 3 0
github.com/ReilEgor/SiteSentinel/checker-service/internal/adapter/broker/rabbitmq/rabbit_consumer.go:38.16,40.3 1 0
github.com/ReilEgor/SiteSentinel/checker-service/internal/adapter/broker/rabbitmq/rabbit_consumer.go:42.2,51.16 2 0
github.com/ReilEgor/SiteSentinel/checker-service/internal/adapter/broker/rabbitmq/rabbit_consumer.go:51.16,54.3 2 0
github.com/ReilEgor/SiteSentinel/checker-service/internal/adapter/broker/rabbitmq/rabbit_consumer.go:56.2,56.6 1 0
github.com/ReilEgor/SiteSentinel/checker-service/internal/adapter/broker/rabbitmq/rabbit_consumer.go:56.6,57.10 1 0
github.com/ReilEgor/SiteSentinel/checker-service/internal/adapter/broker/rabbitmq/rabbit_consumer.go:58.21,60.10 2 0
github.com/ReilEgor/SiteSentinel/checker-service/internal/adapter/broker/rabbitmq/rabbit_consumer.go:61.24,62.11 1 0
github.com/ReilEgor/SiteSentinel/checker-service/internal/adapter/broker/rabbitmq/rabbit_consumer.go:62.11,65.5 2 0
github.com/ReilEgor/SiteSentinel/checker-service/internal/adapter/broker/rabbitmq/rabbit_consumer.go:67.4,67.25 1 0
github.com/ReilEgor/SiteSentinel/checker-service/internal/adapter/broker/rabbitmq/rabbit_consumer.go:72.70,77.54 4 0
github.com/ReilEgor/SiteSentinel/checker-service/internal/adapter/broker/rabbitmq/rabbit_consumer.go:77.54,81.3 3 0
github.com/ReilEgor/SiteSentinel/checker-service/internal/adapter/broker/rabbitmq/rabbit_consumer.go:83.2,84.16 2 0
github.com/ReilEgor/SiteSentinel/checker-service/internal/adapter/broker/rabbitmq/rabbit_consumer.go:84.16,88.3 1 0
github.com/ReilEgor/SiteSentinel/checker-service/internal/adapter/broker/rabbitmq/rabbit_consumer.go:90.2,91.16 2 0
github.com/ReilEgor/SiteSentinel/checker-service/internal/adapter/broker/rabbitmq/rabbit_consumer.go:91.16,93.3 1 0
github.com/ReilEgor/SiteSentinel/checker-service/internal/adapter/broker/rabbitmq/rabbit_consumer.go:93.8,96.3 2 0
github.com/ReilEgor/SiteSentinel/checker-service/internal/adapter/broker/rabbitmq/rabbit_publisher.go:21.74,23.2 1 0
github.com/ReilEgor/SiteSentinel/checker-service/internal/adapter/broker/rabbitmq/rabbit_publisher.go:25.92,35.16 3 0
github.com/ReilEgor/SiteSentinel/checker-service/internal/adapter/broker/rabbitmq/rabbit_publisher.go:35.16,37.3 1 0
github.com/ReilEgor/SiteSentinel/checker-service/internal/adapter/broker/rabbitmq/rabbit_publisher.go:38.2,49.3 2 0
github.com/ReilEgor/SiteSentinel/checker-service/internal/adapter/broker/rabbitmq/rabbitmq.go:12.71,15.16 3 0
github.com/ReilEgor/SiteSentinel/checker-service/internal/adapter/broker/rabbitmq/rabbitmq.go:15.16,20.22 2 0
github.com/ReilEgor/SiteSentinel/checker-service/internal/adapter/broker/rabbitmq/rabbitmq.go:20.23,20.24 0 0
github.com/ReilEgor/SiteSentinel/checker-service/internal/adapter/broker/rabbitmq/rabbitmq.go:23.2,27.20 2 0
github.com/ReilEgor/SiteSentinel/checker-service/internal/adapter/broker/rabbitmq/rabbitmq.go:27.20,30.38 2 0
github.com/ReilEgor/SiteSentinel/checker-service/internal/adapter/broker/rabbitmq/rabbitmq.go:30.38,34.4 1 0
github.com/ReilEgor/SiteSentinel/checker-service/internal/adapter/broker/rabbitmq/rabbitmq.go:37.2,37.27 1 0
github.com/ReilEgor/SiteSentinel/checker-service/internal/adapter/broker/rabbitmq/rabbitmq.go:39.79,42.16 3 0
github.com/ReilEgor/SiteSentinel/checker-service/internal/adapter/broker/rabbitmq/rabbitmq.go:42.16,44.22 2 0
github.com/ReilEgor/SiteSentinel/checker-service/internal/adapter/broker/rabbitmq/rabbitmq.go:44.23,44.24 0 0
github.com/ReilEgor/SiteSentinel/checker-service/internal/adapter/broker/rabbitmq/rabbitmq.go:47.2,49.20 2 0
github.com/ReilEgor/SiteSentinel/checker-service/internal/adapter/broker/rabbitmq/rabbitmq.go:49.20,51.36 2 0
github.com/ReilEgor/SiteSentinel/checker-service/internal/adapter/broker/rabbitmq/rabbitmq.go:51.36,53.4 1 0
github.com/ReilEgor/SiteSentinel/checker-service/internal/adapter/broker/rabbitmq/rabbitmq.go:55.2,55.25 1 0
github.com/ReilEgor/SiteSentinel/checker-service/internal/adapter/broker/rabbitmq/rabbitmq.go:57.42,58.18 1 0
github.com/ReilEgor/SiteSentinel/checker-service/internal/adapter/broker/rabbitmq/rabbitmq.go:58.18,60.3 1 0
github.com/ReilEgor/SiteSentinel/checker-service/internal/adapter/broker/rabbitmq/rabbitmq.go:62.2,63.16 2 0
github.com/ReilEgor/SiteSentinel/checker-service/internal/adapter/broker/rabbitmq/rabbitmq.go:63.16,65.3 1 0
github.com/ReilEgor/SiteSentinel/checker-service/internal/adapter/broker/rabbitmq/rabbitmq.go:67.2,67.21 1 0
github.com/ReilEgor/SiteSentinel/checker-service/cmd/app/main.go:13.13,26.16 8 0
github.com/ReilEgor/SiteSentinel/checker-service/cmd/app/main.go:26.16,29.3 2 0
github.com/ReilEgor/SiteSentinel/checker-service/cmd/app/main.go:31.2,38.12 5 0
github.com/ReilEgor/SiteSentinel/checker-service/cmd/app/main.go:38.12,41.3 2 0
github.com/ReilEgor/SiteSentinel/checker-service/cmd/app/main.go:43.2,44.41 2 0
github.com/ReilEgor/SiteSentinel/checker-service/cmd/app/wire_gen.go:19.152,22.16 3 0
github.com/ReilEgor/SiteSentinel/checker-service/cmd/app/wire_gen.go:22.16,24.3 1 0
github.com/ReilEgor/SiteSentinel/checker-service/cmd/app/wire_gen.go:25.2,26.16 2 0
github.com/ReilEgor/SiteSentinel/checker-service/cmd/app/wire_gen.go:26.16,29.3 2 0
github.com/ReilEgor/SiteSentinel/checker-service/cmd/app/wire_gen.go:30.2,37.21 5 0
github.com/ReilEgor/SiteSentinel/checker-service/cmd/app/wire_gen.go:37.21,40.3 2 0
github.com/ReilEgor/SiteSentinel/checker-service/internal/adapter/http_client/site_ping.go:13.36,19.2 1 0
github.com/ReilEgor/SiteSentinel/checker-service/internal/adapter/http_client/site_ping.go:21.96,25.16 3 0
github.com/ReilEgor/SiteSentinel/checker-service/internal/adapter/http_client/site_ping.go:25.16,27.3 1 0
github.com/ReilEgor/SiteSentinel/checker-service/internal/adapter/http_client/site_ping.go:29.2,32.16 3 0
github.com/ReilEgor/SiteSentinel/checker-service/internal/adapter/http_client/site_ping.go:32.16,34.3 1 0
github.com/ReilEgor/SiteSentinel/checker-service/internal/adapter/http_client/site_ping.go:35.2,38.44 3 0
github.com/ReilEgor/SiteSentinel/checker-service/internal/usecase/checker_uc.go:18.87,20.2 1 0
github.com/ReilEgor/SiteSentinel/checker-service/internal/usecase/checker_uc.go:22.116,31.16 3 0
github.com/ReilEgor/SiteSentinel/checker-service/internal/usecase/checker_uc.go:31.16,33.3 1 0
github.com/ReilEgor/SiteSentinel/checker-service/internal/usecase/checker_uc.go:35.2,43.20 5 0
github.com/ReilEgor/SiteSentinel/checker-service/internal/adapter/transport/rest/handler.go:5.36,7.40 2 0
github.com/ReilEgor/SiteSentinel/checker-service/internal/adapter/transport/rest/handler.go:7.40,9.3 1 0
github.com/ReilEgor/SiteSentinel/checker-service/internal/adapter/transport/rest/handler.go:10.2,10.10 1 0
